<html>
<body>
<pre>
<h1>µVision Build Log</h1>
<h2>Project:</h2>
C:\Users\Yousif\Desktop\embedded\Autosar\Test\Can_driver.uvproj
Project File Date:  09/15/2021

<h2>Output:</h2>
Build target 'Target 1'
compiling Can.c...
Can.h(21): warning:  #1-D: last line of file ends without a newline
  #endif
Can.c(244): warning:  #1-D: last line of file ends without a newline
  }
Can.c: 2 warnings, 0 errors
compiling main.c...
Can.h(21): warning:  #1-D: last line of file ends without a newline
  #endif
main.c(13): warning:  #1-D: last line of file ends without a newline
  }
main.c: 2 warnings, 0 errors
linking...
Program Size: Code=2252 RO-data=652 RW-data=24 ZI-data=608  
".\Can_driver.axf" - 0 Error(s), 4 Warning(s).
</pre>
</body>
</html>
rors
compiling main.c...
Can.h(21): warning:  #1-D: last line of file ends without a newline
  #endif
main.c(14): warning:  #1-D: last line of file ends without a newline
  }
main.c: 2 warnings, 0 errors
".\Can_driver.axf" - 2 Error(s), 4 Warning(s).
Target not created
